// Jest Snapshot v1, https://goo.gl/fbAQLP

exports[`renders the UI as expected 1`] = `
<div>
  <div
    className="DashboardListNav"
  >
    <ul
      className="DashboardList_list"
    >
      <h2
        className="list__title"
      >
        Get to work!
      </h2>
    </ul>
    <section
      className="scoreboard_section"
    >
      <h2
        className="scoreboard__title"
      >
        Scoreboard
      </h2>
      <ul
        className="scoreboard_list_section"
      >
        <li
          className="score__div"
        >
          Score: 
          0
        </li>
        

        

        <li
          className="badge_message"
        >
          

        </li>
        <li
          className="next_message"
        />
      </ul>
    </section>
  </div>
</div>
`;
