// Jest Snapshot v1, https://goo.gl/fbAQLP

exports[`renders the UI as expected 1`] = `
<div
  id="main-registration-container"
>
  <header
    className="banner"
  >
    <h1
      className="app__title"
    >
      QuarenTV
    </h1>
    <h4
      className="app__header"
    >
      Make a list of what you want to watch and earn points and badges when you check it off the list
    </h4>
  </header>
  <div
    className="login_section"
  >
    <form
      id="login_form"
      name="userRegistrationForm"
      onSubmit={[Function]}
    >
      <div
        className="username_div"
      >
        <label>
          Username:
        </label>
        <input
          aria-labelledby="user_name_login"
          className="login_input"
          id="user_name_login"
          name="user_name_login"
          onChange={[Function]}
          type="text"
        />
        <div
          className="errorMsg"
        />
      </div>
      <div
        className="password_section"
      >
        <label>
          Password:
        </label>
        <input
          aria-labelledby="password_login"
          className="login_input"
          id="password_login"
          name="password_login"
          onChange={[Function]}
          type="password"
        />
        <div
          className="errorMsg"
        />
      </div>
      <button
        className="login_button"
      >
        Log In
      </button>
    </form>
    <button
      className="demo_button"
      onClick={[Function]}
    >
      Click here for Demo Account
    </button>
  </div>
  <div
    id="register"
  >
    <h3
      className="registration__header"
    >
      Don't have an account? Register for one!
    </h3>
    <form
      className="userRegistrationForm"
      onSubmit={[Function]}
    >
      <label
        className="email_label"
      >
        Email:
      </label>
      <input
        aria-labelledby="email"
        className="registration_forminput"
        id="email"
        name="emailid"
        onChange={[Function]}
        type="text"
      />
      <div
        className="errorMsg"
      />
      <label>
        Username:
      </label>
      <input
        aria-labelledby="username"
        className="registration_forminput"
        id="username"
        name="user_name"
        onChange={[Function]}
        type="text"
      />
      <div
        className="errorMsg"
      />
      <label
        className="password_label"
      >
        Password:
      </label>
      <input
        aria-labelledby="password"
        className="registration_forminput"
        id="password"
        name="password"
        onChange={[Function]}
        type="password"
      />
      <div
        className="errorMsg"
      />
      <button
        className="register_button"
        name="success_message"
      >
        Register
      </button>
      <div
        className="successMsg"
      />
    </form>
  </div>
</div>
`;
