// Jest Snapshot v1, https://goo.gl/fbAQLP

exports[`renders the UI as expected 1`] = `
<div
  id="main-registration-container"
>
  <header
    className="banner"
  >
    <h1
      className="app__title"
    >
      QuarenTV
    </h1>
    <h4
      className="app__header"
    >
      Let's wash our hands, stay inside, and chillout. What else are you gonna do?
    </h4>
  </header>
  <div
    className="login_section"
  >
    <form
      id="login_form"
      name="userRegistrationForm"
      onSubmit={[Function]}
    >
      <label>
        Username:
      </label>
      <input
        className="login_input"
        name="user_name_login"
        onChange={[Function]}
        placeholder="guest"
        type="text"
      />
      <div
        className="errorMsg"
      />
      <label>
        Password:
      </label>
      <input
        className="login_input"
        name="password_login"
        onChange={[Function]}
        placeholder="Test123!"
        type="password"
      />
      <div
        className="errorMsg"
      />
      <button
        className="login_button"
      >
        Log In
      </button>
    </form>
  </div>
  <div
    id="register"
  >
    <h3>
      Don't have an account? Register for one!
    </h3>
    <form
      className="userRegistrationForm"
      onSubmit={[Function]}
    >
      <label
        className="email_label"
      >
        Email:
      </label>
      <input
        className="registration_forminput"
        name="emailid"
        onChange={[Function]}
        type="text"
      />
      <div
        className="errorMsg"
      />
      <label>
        Username:
      </label>
      <input
        className="registration_forminput"
        name="user_name"
        onChange={[Function]}
        type="text"
      />
      <div
        className="errorMsg"
      />
      <label>
        Password:
      </label>
      <input
        className="registration_forminput"
        name="password"
        onChange={[Function]}
        type="password"
      />
      <div
        className="errorMsg"
      />
      <button
        className="register_button"
      >
        Register
      </button>
    </form>
  </div>
</div>
`;
